# Bake Begins!
### (1 of 6) Copy sources
$ cp -a /home/travis/build/fontdirectory/imfellfrenchcanonsc/METADATA.json /home/travis/build/fontdirectory/imfellfrenchcanonsc/builds/build
$ cp -a /home/travis/build/fontdirectory/imfellfrenchcanonsc/DESCRIPTION.en_us.html /home/travis/build/fontdirectory/imfellfrenchcanonsc/builds/build
$ cp -a IMFeFCsc28P.ttf.ttx IMFeFCsc28P.ttf._m_a_x_p.ttx IMFeFCsc28P.ttf._h_e_a_d.ttx IMFeFCsc28P.ttf._g_a_s_p.ttx IMFeFCsc28P.ttf._h_m_t_x.ttx IMFeFCsc28P.ttf._p_o_s_t.ttx IMFeFCsc28P.ttf._g_l_y_f.ttx IMFeFCsc28P.ttf._k_e_r_n.ttx IMFeFCsc28P.ttf._c_m_a_p.ttx IMFeFCsc28P.ttf.GlyphOrder.ttx IMFeFCsc28P.ttf._l_o_c_a.ttx IMFeFCsc28P.ttf._h_h_e_a.ttx IMFeFCsc28P.ttf.O_S_2f_2.ttx IMFeFCsc28P.ttf._n_a_m_e.ttx IMFeFCsc28P.ttf.G_S_U_B_.ttx /home/travis/build/fontdirectory/imfellfrenchcanonsc/builds/build/sources
### (2 of 6) pyfontaine
### (3 of 6) Run upstream tests
$ bakery-lint.py upstream-repo sources
bakery_lint.tests.upstream.test_diacritic.TestDiacritic.test_diacritic_made_as_component(): OK
$ fontaine --collections subsets --text /home/travis/build/fontdirectory/imfellfrenchcanonsc/builds/build/sources/IMFeFCsc28P.ttf.ttx > fontaine.txt
bakery_lint.tests.upstream.test_diacritic.TestDiacritic.test_diacritic_made_as_mark_to_mark(): OK
bakery_lint.tests.upstream.test_diacritic.TestDiacritic.test_diacritic_made_as_own_glyphs(): OK
WARNING: Please install [PyICU](https://pypi.python.org/pypi/PyICU) toenable [feature], perhaps with: pip install pyicu
end of pyfontaine process
bakery_lint.tests.upstream.test_prepolation.FontTestPrepolation.test_font_prepolation_glyph_contours(): OK
bakery_lint.tests.upstream.test_prepolation.FontTestPrepolation.test_font_prepolation_glyph_points(): OK
bakery_lint.tests.upstream.test_prepolation.FontTestPrepolation.test_font_test_prepolation_glyph_names(): OK
bakery_lint.tests.upstream.test_check_upstream_sources.ProjectUpstreamTestCase.test_bakery_yaml_exists(): OK
bakery_lint.tests.upstream.test_check_upstream_sources.ProjectUpstreamTestCase.test_copyright_notices_same_across_family(): OK
bakery_lint.tests.upstream.test_check_upstream_sources.ProjectUpstreamTestCase.test_description_html_exists(): OK
bakery_lint.tests.upstream.test_check_upstream_sources.ProjectUpstreamTestCase.test_fontlog_txt_exists(): FAIL
bakery_lint.tests.upstream.test_check_upstream_sources.ProjectUpstreamTestCase.test_metadata_json_exists(): OK
$ bakery-lint.py upstream-ttx IMFeFCsc28P.ttf.ttx
bakery_lint.tests.upstream.test_check_ttx_requirements.SourceTTXTest.test_epar_in_keys(): FAIL
bakery_lint.tests.upstream.test_check_ttx_requirements.SourceTTXTest.test_os2_in_keys(): OK
bakery_lint.tests.upstream.test_check_ttx_requirements.SourceTTXTest.test_ttx_doesnt_contain_duplicate_glyphs(): OK
bakery_lint.tests.upstream.test_glyphname_does_not_contain_disallowed_chars.TestGlyphNameDoesNotContainsDisallowedChars.test_glyphname_does_not_contain_disallowed_chars(): FAIL
bakery_lint.tests.upstream.test_font_filename_eq_familystyle.TestTTFSourceFontFileNameEqualsFamilyStyle.test_source_ttf_font_filename_equals_familystyle(): FAIL
$ mv /home/travis/build/fontdirectory/imfellfrenchcanonsc/builds/build/sources/IMFeFCsc28P.ttf.ttx /home/travis/build/fontdirectory/imfellfrenchcanonsc/builds/build/sources/IMFELLFrenchCanonSC-Regular.ttx
bakery_lint.tests.upstream.test_font_filename_eq_familystyle.TestTTFSourceFontFileNameEqualsFamilyStyle.test_source_ttf_font_filename_equals_familystyle(): OK
bakery_lint.tests.upstream.test_check_ttx_fontfamily_recommendations.TTX_FontFamilyNamingTest.test_ttx_family_naming_recommendation(): OK
### (4 of 6) Convert sources to TTF
$ ttx -d /home/travis/build/fontdirectory/imfellfrenchcanonsc/builds/build /home/travis/build/fontdirectory/imfellfrenchcanonsc/builds/build/sources/IMFELLFrenchCanonSC-Regular.ttx
Compiling "/home/travis/build/fontdirectory/imfellfrenchcanonsc/builds/build/sources/IMFELLFrenchCanonSC-Regular.ttx" to "/home/travis/build/fontdirectory/imfellfrenchcanonsc/builds/build/IMFELLFrenchCanonSC-Regular.ttf"...
Parsing 'GlyphOrder' table...
Parsing 'head' table...
Parsing 'hhea' table...
Parsing 'maxp' table...
Parsing 'OS/2' table...
Parsing 'hmtx' table...
Parsing 'cmap' table...
Parsing 'loca' table...
Parsing 'glyf' table...
Parsing 'kern' table...
Parsing 'name' table...
Parsing 'post' table...
Parsing 'gasp' table...
Parsing 'GSUB' table...
### (5 of 6) Generate METADATA.json (genmetadata.py)
### Test IMFELLFrenchCanonSC-Regular.ttf
$ genmetadata.py /home/travis/build/fontdirectory/imfellfrenchcanonsc/builds/build
$ bakery-lint.py result IMFELLFrenchCanonSC-Regular.ttf
{} exists
Designer's name from font is: Igino Marini
bakery_lint.tests.downstream.test_check_fontname_matches_macstyle.CheckFontNameEqualToMacStyleFlags.test_fontname_is_equal_to_macstyle(): FAIL
bakery_lint.tests.downstream.test_check_full_font_name_begins_with_family_name.CheckFullFontNameBeginsWithFamilyName.test_check_full_font_name_begins_with_family_name(): OK
bakery_lint.tests.downstream.test_check_os2_width_class.CheckOS2WidthClass.test_check_os2_width_class(): OK
bakery_lint.tests.downstream.test_gpos_table_has_kerning_info.CheckGposTableHasKerningInfo.test_gpos_table_has_kerning_info(): FAIL
bakery_lint.tests.downstream.test_check_no_problematic_formats.CheckNoProblematicFormats.test_check_no_problematic_formats(): OK
Original size: 134988\nGzip size: 77691
Family Name: IM FELL French Canon SC
PS Name: IM_FELL_French_Canon_SC
Full Name: IM FELL French Canon SC
Style: normal
Weight: 400
Filename: IMFELLFrenchCanonSC-Regular.ttf
Copyright:  2007 Igino Marini (www.iginomarini.com) With Reserved Font Name IM FELL French Canon SC
Error: 
ERROR: BUILD FAILED
bakery_lint.tests.downstream.test_check_vertical_metrics.CheckVerticalLinegapMetrics.test_metrics_linegaps_are_zero(): FAIL
$ bakery-vmet-fix.py --autofix /home/travis/build/fontdirectory/imfellfrenchcanonsc/builds/build/IMFELLFrenchCanonSC-Regular.ttf
$ mv /home/travis/build/fontdirectory/imfellfrenchcanonsc/builds/build/IMFELLFrenchCanonSC-Regular.ttf.fix /home/travis/build/fontdirectory/imfellfrenchcanonsc/builds/build/IMFELLFrenchCanonSC-Regular.ttf
$ bakery-vmet-fix.py /home/travis/build/fontdirectory/imfellfrenchcanonsc/builds/build/IMFELLFrenchCanonSC-Regular.ttf
Parameter              IMFELLFrenchCanonSC-Regular.ttf    
ymax                   1873                               
hhea.ascent            1873                               
OS/2.sTypoAscender     1873                               
OS/2.usWinAscent       1873                               
ymin                   -523                               
hhea.descent           -523                               
OS/2.sTypoDescender    -523                               
OS/2.usWinDescent      523                                
hhea.lineGap           0                                  
OS/2.sTypoLineGap      0                                  
hhea total             2396                               
typo total             2396                               
win total              2396                               
UPM:Heights            2048:2396                          
UPM:Heights %          116 %                              


bakery_lint.tests.downstream.test_check_vertical_metrics.CheckVerticalLinegapMetrics.test_metrics_linegaps_are_zero(): OK
bakery_lint.tests.downstream.test_check_vertical_metrics.CheckVerticalAscentMetrics.test_metrics_ascents_equal_bbox(): OK
bakery_lint.tests.downstream.test_check_vertical_metrics.CheckVerticalDescentMetrics.test_metrics_descents_equal_bbox(): OK
bakery_lint.tests.downstream.test_check_upm_heights_less_120.TestCheckUPMHeightsLess120.test_check_upm_heigths_less_120(): OK
bakery_lint.tests.downstream.test_check_unencoded_glyph.TestFontUnencodedGlyph.test_font_unencoded_glyphs(): FAIL
$ bakery-encode-glyphs-fix.py --autofix /home/travis/build/fontdirectory/imfellfrenchcanonsc/builds/build/IMFELLFrenchCanonSC-Regular.ttf
$ mv /home/travis/build/fontdirectory/imfellfrenchcanonsc/builds/build/IMFELLFrenchCanonSC-Regular.ttf.fix /home/travis/build/fontdirectory/imfellfrenchcanonsc/builds/build/IMFELLFrenchCanonSC-Regular.ttf
bakery_lint.tests.downstream.test_check_unencoded_glyph.TestFontUnencodedGlyph.test_font_unencoded_glyphs(): FAIL
bakery_lint.tests.downstream.test_names_are_ascii_only.CheckNamesAreASCIIOnly.test_check_names_are_ascii_only(): FAIL
$ bakery-ascii-fix.py /home/travis/build/fontdirectory/imfellfrenchcanonsc/builds/build/IMFELLFrenchCanonSC-Regular.ttf
$ mv /home/travis/build/fontdirectory/imfellfrenchcanonsc/builds/build/IMFELLFrenchCanonSC-Regular.ttf.fix /home/travis/build/fontdirectory/imfellfrenchcanonsc/builds/build/IMFELLFrenchCanonSC-Regular.ttf
bakery_lint.tests.downstream.test_names_are_ascii_only.CheckNamesAreASCIIOnly.test_check_names_are_ascii_only(): OK
bakery_lint.tests.downstream.test_check_name_table_recommendation.CheckStyleNameRecommendation.test_check_stylename_is_under_recommendations(): OK
bakery_lint.tests.downstream.test_check_name_table_recommendation.CheckOTFamilyNameRecommendation.test_check_opentype_familyname(): OK
bakery_lint.tests.downstream.test_check_name_table_recommendation.CheckOTStyleNameRecommendation.test_check_opentype_stylename(): FAIL
$ bakery-opentype-fix.py /home/travis/build/fontdirectory/imfellfrenchcanonsc/builds/build/IMFELLFrenchCanonSC-Regular.ttf
$ mv /home/travis/build/fontdirectory/imfellfrenchcanonsc/builds/build/IMFELLFrenchCanonSC-Regular.ttf.fix /home/travis/build/fontdirectory/imfellfrenchcanonsc/builds/build/IMFELLFrenchCanonSC-Regular.ttf
bakery_lint.tests.downstream.test_check_name_table_recommendation.CheckOTStyleNameRecommendation.test_check_opentype_stylename(): OK
bakery_lint.tests.downstream.test_check_name_table_recommendation.CheckOTFullNameRecommendation.test_check_opentype_fullname(): OK
bakery_lint.tests.downstream.test_check_panose_identification.CheckPanoseIdentification.test_check_panose_identification(): OK
bakery_lint.tests.downstream.test_gasp_table_value.CheckGaspTableType.test_check_gasp_table_type(): FAIL
$ bakery-gasp.py --set=15 /home/travis/build/fontdirectory/imfellfrenchcanonsc/builds/build/IMFELLFrenchCanonSC-Regular.ttf
$ mv /home/travis/build/fontdirectory/imfellfrenchcanonsc/builds/build/IMFELLFrenchCanonSC-Regular.ttf.fix /home/travis/build/fontdirectory/imfellfrenchcanonsc/builds/build/IMFELLFrenchCanonSC-Regular.ttf
bakery_lint.tests.downstream.test_gasp_table_value.CheckGaspTableType.test_check_gasp_table_type(): OK
$ bakery-gasp.py --set=15 /home/travis/build/fontdirectory/imfellfrenchcanonsc/builds/build/IMFELLFrenchCanonSC-Regular.ttf
$ mv /home/travis/build/fontdirectory/imfellfrenchcanonsc/builds/build/IMFELLFrenchCanonSC-Regular.ttf.fix /home/travis/build/fontdirectory/imfellfrenchcanonsc/builds/build/IMFELLFrenchCanonSC-Regular.ttf
bakery_lint.tests.downstream.test_check_names_same_across_platforms.CheckNamesSameAcrossPlatforms.test_check_names_same_across_platforms(): OK
bakery_lint.tests.downstream.test_check_magic_prep_code.CheckMagicPREPByteCode.test_prep_magic_code(): FAIL
bakery_lint.tests.downstream.test_check_nbsp_width_matches_sp_width.CheckNbspWidthMatchesSpWidth.test_check_nbsp_width_matches_sp_width(): FAIL
$ bakery-nbsp-fix.py /home/travis/build/fontdirectory/imfellfrenchcanonsc/builds/build/IMFELLFrenchCanonSC-Regular.ttf
$ mv /home/travis/build/fontdirectory/imfellfrenchcanonsc/builds/build/IMFELLFrenchCanonSC-Regular.ttf.fix /home/travis/build/fontdirectory/imfellfrenchcanonsc/builds/build/IMFELLFrenchCanonSC-Regular.ttf
bakery_lint.tests.downstream.test_check_nbsp_width_matches_sp_width.CheckNbspWidthMatchesSpWidth.test_check_nbsp_width_matches_sp_width(): FAIL
bakery_lint.tests.downstream.test_fontforge_validation_state.FontForgeValidateStateTest.test_allowed_numbers_paths_in_composite_glyphs(): OK
bakery_lint.tests.downstream.test_fontforge_validation_state.FontForgeValidateStateTest.test_allowed_numbers_paths_in_glyphs(): OK
bakery_lint.tests.downstream.test_fontforge_validation_state.FontForgeValidateStateTest.test_allowed_numbers_points_in_composite_glyphs(): OK
bakery_lint.tests.downstream.test_fontforge_validation_state.FontForgeValidateStateTest.test_allowed_numbers_points_in_glyphs(): OK
bakery_lint.tests.downstream.test_fontforge_validation_state.FontForgeValidateStateTest.test_duplicate_glyphs(): OK
bakery_lint.tests.downstream.test_fontforge_validation_state.FontForgeValidateStateTest.test_duplicate_unicode_codepoints(): OK
bakery_lint.tests.downstream.test_fontforge_validation_state.FontForgeValidateStateTest.test_flipped_reference_in_glyphs(): OK
bakery_lint.tests.downstream.test_fontforge_validation_state.FontForgeValidateStateTest.test_missing_anchors(): OK
bakery_lint.tests.downstream.test_fontforge_validation_state.FontForgeValidateStateTest.test_missing_extrema_in_glyphs(): FAIL
bakery_lint.tests.downstream.test_fontforge_validation_state.FontForgeValidateStateTest.test_overlapped_hints(): OK
bakery_lint.tests.downstream.test_fontforge_validation_state.FontForgeValidateStateTest.test_points_are_integer_aligned(): OK
bakery_lint.tests.downstream.test_fontforge_validation_state.FontForgeValidateStateTest.test_points_are_not_too_far_apart(): OK
bakery_lint.tests.downstream.test_fontforge_validation_state.FontForgeValidateStateTest.test_postscript_hasnt_limit_hints_in_glyphs(): OK
bakery_lint.tests.downstream.test_fontforge_validation_state.FontForgeValidateStateTest.test_postscript_hasnt_limit_points_in_glyphs(): FAIL
bakery_lint.tests.downstream.test_fontforge_validation_state.FontForgeValidateStateTest.test_referenced_glyphs_are_present(): OK
bakery_lint.tests.downstream.test_fontforge_validation_state.FontForgeValidateStateTest.test_valid_glyph_names(): OK
bakery_lint.tests.downstream.test_fontforge_validation_state.FontForgeValidateStateTest.test_valid_length_instructions(): OK
bakery_lint.tests.downstream.test_fontforge_validation_state.FontForgeValidateStateTest.test_validation_glyph_intersect(): FAIL
bakery_lint.tests.downstream.test_fontforge_validation_state.FontForgeValidateStateTest.test_validation_open_contours(): OK
bakery_lint.tests.downstream.test_fontforge_validation_state.FontForgeValidateStateTest.test_wrong_direction_in_glyphs(): OK
bakery_lint.tests.downstream.test_check_italic_angle_agreement.CheckItalicAngleAgreement.test_check_italic_angle_agreement(): OK
bakery_lint.tests.downstream.test_check_font_agreements.CheckFsTypeIsNotSet.test_is_fstype_not_set(): OK
$ bakery-fstype-fix.py --autofix /home/travis/build/fontdirectory/imfellfrenchcanonsc/builds/build/IMFELLFrenchCanonSC-Regular.ttf
$ mv /home/travis/build/fontdirectory/imfellfrenchcanonsc/builds/build/IMFELLFrenchCanonSC-Regular.ttf.fix /home/travis/build/fontdirectory/imfellfrenchcanonsc/builds/build/IMFELLFrenchCanonSC-Regular.ttf
bakery_lint.tests.downstream.test_check_font_agreements.CheckFontAgreements.test_em_is_1000(): FAIL
bakery_lint.tests.downstream.test_check_font_agreements.CheckFontAgreements.test_file_is_font(): OK
bakery_lint.tests.downstream.test_check_font_agreements.CheckFontAgreements.test_font_is_font(): OK
bakery_lint.tests.downstream.test_check_font_agreements.CheckFontAgreements.test_latin_file_exists(): FAIL
bakery_lint.tests.downstream.test_check_license_included.CheckLicenseIncluded.test_license_included_in_font_names(): OK
bakery_lint.tests.downstream.test_check_font_tables.CheckFontHasDsigTable.test_check_font_has_dsig_table(): FAIL
$ bakery-dsig.py /home/travis/build/fontdirectory/imfellfrenchcanonsc/builds/build/IMFELLFrenchCanonSC-Regular.ttf
$ mv /home/travis/build/fontdirectory/imfellfrenchcanonsc/builds/build/IMFELLFrenchCanonSC-Regular.ttf.fix /home/travis/build/fontdirectory/imfellfrenchcanonsc/builds/build/IMFELLFrenchCanonSC-Regular.ttf
bakery_lint.tests.downstream.test_check_font_tables.CheckFontHasDsigTable.test_check_font_has_dsig_table(): OK
bakery_lint.tests.downstream.test_check_font_tables.CheckFontHasNotKernTable.test_no_kern_table_exists(): OK
bakery_lint.tests.downstream.test_check_hmtx_hhea_max_advance_width_agreement.CheckHmtxHheaMaxAdvanceWidthAgreement.test_check_hmtx_hhea_max_advance_width_agreement(): OK
bakery_lint.tests.downstream.test_check_unused_glyph_data.CheckUnusedGlyphData.test_check_unused_glyph_data(): ERROR
bakery_lint.tests.downstream.test_check_glyf_table_length.CheckGlyfTableLength.test_check_glyf_table_length(): FAIL
bakery_lint.tests.downstream.test_check_glyph_existence.CheckGlyphExistence.test_euro(): OK
bakery_lint.tests.downstream.test_check_glyph_existence.CheckGlyphExistence.test_nbsp(): OK
bakery_lint.tests.downstream.test_check_glyph_existence.CheckGlyphExistence.test_space(): OK
### Optimize TTF IMFELLFrenchCanonSC-Regular.ttf
$ ls -l 'IMFELLFrenchCanonSC-Regular.ttf'* # look at the size savings of that subset process
IMFELLFrenchCanonSC-Regular.ttf.opt: 132476 bytes
IMFELLFrenchCanonSC-Regular.ttf: 135740 bytes
$ mv /home/travis/build/fontdirectory/imfellfrenchcanonsc/builds/build/IMFELLFrenchCanonSC-Regular.ttf.opt /home/travis/build/fontdirectory/imfellfrenchcanonsc/builds/build/IMFELLFrenchCanonSC-Regular.ttf
### Autohint TTFs (ttfautohint) IMFELLFrenchCanonSC-Regular.ttf
$ ls -l /home/travis/build/fontdirectory/imfellfrenchcanonsc/builds/build/IMFELLFrenchCanonSC-Regular.*ttf # look at the size savings of that subset process
/home/travis/build/fontdirectory/imfellfrenchcanonsc/builds/build/IMFELLFrenchCanonSC-Regular.ttf: 132476 bytes
/home/travis/build/fontdirectory/imfellfrenchcanonsc/builds/build/IMFELLFrenchCanonSC-Regular.autohint.ttf: 160144 bytes
$ mv /home/travis/build/fontdirectory/imfellfrenchcanonsc/builds/build/IMFELLFrenchCanonSC-Regular.autohint.ttf /home/travis/build/fontdirectory/imfellfrenchcanonsc/builds/build/IMFELLFrenchCanonSC-Regular.ttf
### Subset TTFs (pyftsubset) IMFELLFrenchCanonSC-Regular.ttf
Generate IMFELLFrenchCanonSC-Regular.latin
Generate IMFELLFrenchCanonSC-Regular.menu
spaceWidth is    439
nbspWidth is     439
Nothing to do
strippedname:/home/travis/build/fontdirectory/imfellfrenchcanonsc/builds/build/IMFELLFrenchCanonSC-Regular.ttf
